0.88
-24
DEE1 RSV
480
5e-04
0.9
0
DEE1 RSV
79
5e-04
0.9
5
DEE1 RSV
367
5e-04
0.915
12
DEE1 RSV
228
5e-04
0.945
21.5
DEE1 RSV
455
5e-04
0.945
36
DEE1 RSV
666
5e-04
0.95
45.5
DEE1 RSV
48
5e-04
